// Vitest Snapshot v1, https://vitest.dev/guide/snapshot.html

exports[`route inventory > 전체 라우트 등록(메서드·경로·순서·핸들러 수)이 스냅샷과 일치한다 1`] = `
"MW query ^\\/?(?=\\/|$)
MW expressInit ^\\/?(?=\\/|$)
MW corsMiddleware ^\\/?(?=\\/|$)
MW jsonParser ^\\/?(?=\\/|$)
MW <anonymous> ^\\/api\\/v1\\/?(?=\\/|$)
MW <anonymous> ^\\/api\\/?(?=\\/|$)
MW <anonymous> ^\\/api\\/auth\\/login\\/?(?=\\/|$)
MW <anonymous> ^\\/api\\/admin\\/login\\/?(?=\\/|$)
MW <anonymous> ^\\/api\\/franchise\\/auth\\/login\\/?(?=\\/|$)
MW <anonymous> ^\\/api\\/taghere\\/auto-earn\\/?(?=\\/|$)
MW serveStatic ^\\/uploads\\/?(?=\\/|$)
ROUTE GET /health handlers=1
ROUTE GET /api/health handlers=1
ROUTE GET /api handlers=1
MOUNT ^\\/api\\/auth\\/?(?=\\/|$)
  ROUTE POST /register handlers=1
  ROUTE POST /login handlers=1
  ROUTE GET /me handlers=2
  ROUTE POST /change-password handlers=2
MOUNT ^\\/api\\/customers\\/?(?=\\/|$)
  ROUTE GET / handlers=2
  ROUTE GET /:id handlers=2
  ROUTE GET /search/phone/:digits handlers=2
  ROUTE POST /bulk handlers=2
  ROUTE POST / handlers=2
  ROUTE PATCH /:id handlers=2
  ROUTE DELETE /:id handlers=2
  ROUTE POST /visit-source handlers=1
  ROUTE POST /feedback handlers=1
  ROUTE POST /:id/cancel-order-item handlers=2
  ROUTE GET /:id/messages handlers=2
  ROUTE GET /:id/orders handlers=2
MOUNT ^\\/api\\/points\\/?(?=\\/|$)
  ROUTE POST /earn handlers=2
  ROUTE POST /use handlers=2
  ROUTE POST /tablet-earn handlers=2
  ROUTE GET /recent handlers=2
  ROUTE POST /session handlers=2
  ROUTE GET /session/current handlers=2
  ROUTE POST /session/:id/complete handlers=2
  ROUTE DELETE /session handlers=2
MOUNT ^\\/api\\/dashboard\\/?(?=\\/|$)
  ROUTE GET /summary handlers=2
  ROUTE GET /review-chart handlers=2
  ROUTE GET /visitor-chart handlers=2
  ROUTE GET /announcements handlers=2
  ROUTE GET /feedback-summary handlers=2
  ROUTE GET /feedbacks handlers=2
MOUNT ^\\/api\\/review-automation\\/?(?=\\/|$)
  ROUTE GET /settings handlers=2
  ROUTE POST /settings handlers=2
  ROUTE GET /test-count handlers=2
  ROUTE POST /test-send handlers=2
  ROUTE GET /logs handlers=2
MOUNT ^\\/api\\/wallet\\/?(?=\\/|$)
  ROUTE GET / handlers=2
  ROUTE POST /topup handlers=2
  ROUTE GET /transactions handlers=2
  ROUTE GET /usage-history handlers=2
MOUNT ^\\/api\\/settings\\/?(?=\\/|$)
  ROUTE GET /point-policy handlers=2
  ROUTE POST /point-policy handlers=2
  ROUTE GET /store handlers=2
  ROUTE PATCH /store handlers=2
  ROUTE GET /alimtalk handlers=2
  ROUTE PATCH /alimtalk handlers=2
  ROUTE GET /point-rate handlers=2
  ROUTE PATCH /point-rate handlers=2
  ROUTE PATCH /point-usage-rule handlers=2
MOUNT ^\\/api\\/cards\\/?(?=\\/|$)
  ROUTE GET / handlers=2
  ROUTE POST / handlers=2
  ROUTE DELETE /:id handlers=2
  ROUTE POST /:id/default handlers=2
MOUNT ^\\/api\\/taghere\\/?(?=\\/|$)
  ROUTE GET /ordersheet handlers=1
  ROUTE POST /auto-earn handlers=1
  ROUTE POST /order-event handlers=2
  ROUTE POST /webhook/order-cancel handlers=2
  ROUTE POST /webhook/order-paid handlers=2
  ROUTE GET /webhook/health handlers=1
  ROUTE POST /webhook/verify handlers=2
  ROUTE GET /stamp-info/:slug handlers=1
  ROUTE GET /stamp-scan-entry/:slug/:secret handlers=1
  ROUTE POST /stamp-scan-verify-location handlers=1
  ROUTE GET /table-link/:slug handlers=1
  ROUTE POST /table-link/:slug/gender-log handlers=1
  ROUTE GET /table-link/:slug/redirect/:tableNumber handlers=1
  ROUTE GET /food-court/:slug/:tableNumber handlers=1
  ROUTE GET /food-court/:slug/:tableNumber/redirect/:boothId handlers=1
  ROUTE POST /stamp-earn handlers=1
  ROUTE GET /stamp-request/:id handlers=1
  ROUTE GET /visit-source-options/:slug handlers=1
  ROUTE GET /survey-questions/:slug handlers=1
  ROUTE POST /survey-answers handlers=1
  ROUTE GET /order-details handlers=1
MOUNT ^\\/api\\/taghere\\/webhook\\/point\\/?(?=\\/|$)
  ROUTE POST /customer-search handlers=2
  ROUTE POST /transaction handlers=2
  ROUTE POST /standalone-member-snapshot handlers=2
  ROUTE POST /standalone-visit handlers=2
  ROUTE POST /metacity-point-event handlers=2
MOUNT ^\\/api\\/taghere\\/webhook\\/?(?=\\/|$)
  ROUTE POST /membership/register handlers=2
  ROUTE POST /stamp/earn handlers=2
  ROUTE POST /store-crm-info handlers=2
  ROUTE POST /stamp/balance handlers=2
MOUNT ^\\/api\\/alimtalk\\/?(?=\\/|$)
  ROUTE GET /config handlers=2
  ROUTE PUT /config handlers=2
  ROUTE GET /logs handlers=2
  ROUTE GET /stats handlers=2
  ROUTE POST /retry/:id handlers=2
MOUNT ^\\/api\\/naver-review\\/?(?=\\/|$)
  ROUTE GET /stats handlers=2
  ROUTE GET /chart handlers=2
  ROUTE POST /refresh handlers=2
MOUNT ^\\/api\\/payments\\/?(?=\\/|$)
  ROUTE POST /confirm handlers=2
  ROUTE GET /:paymentKey handlers=2
  ROUTE POST /webhook handlers=1
MOUNT ^\\/api\\/stores\\/?(?=\\/|$)
  ROUTE GET /by-slug/:slug handlers=1
MOUNT ^\\/api\\/admin\\/insights\\/?(?=\\/|$)
  ROUTE GET /funnel handlers=2
  ROUTE GET /feature-usage handlers=2
  ROUTE GET /daily handlers=2
  ROUTE GET /stores handlers=2
  ROUTE GET /retention handlers=2
  ROUTE GET /dropoff handlers=2
  ROUTE GET /heatmap handlers=2
  ROUTE GET /store-detail handlers=2
  ROUTE GET /owner-usage handlers=2
  ROUTE GET /owner-stores handlers=2
  ROUTE GET /coupon-effect handlers=2
  ROUTE GET /segments handlers=2
  ROUTE GET /ratings handlers=2
  ROUTE GET /new-customers handlers=2
MOUNT ^\\/api\\/admin\\/?(?=\\/|$)
  ROUTE GET /announcements handlers=2
  ROUTE POST /announcements handlers=2
  ROUTE PUT /announcements/:id handlers=2
  ROUTE DELETE /announcements/:id handlers=2
  ROUTE GET /table-link-settings/:storeId handlers=2
  ROUTE PUT /table-link-settings/:storeId handlers=2
  ROUTE POST /table-link-settings/:storeId/bulk-add handlers=2
  ROUTE GET /stats handlers=2
  ROUTE GET /customer-trend handlers=2
  ROUTE GET /payment-stats handlers=2
  ROUTE GET /external-revenue handlers=2
  ROUTE POST /external-revenue handlers=2
  ROUTE DELETE /external-revenue/:id handlers=2
  ROUTE GET /point-stats handlers=2
  ROUTE GET /visit-source-stats handlers=2
  ROUTE GET /demographic-stats handlers=2
  ROUTE GET /external-customer-stats handlers=2
  ROUTE GET /automation-stats handlers=2
  ROUTE GET /automation-stores handlers=2
  ROUTE GET /automation-trend handlers=2
  ROUTE GET /payments handlers=2
  ROUTE GET /payments/summary handlers=2
  ROUTE POST /alimtalk/low-balance-bulk handlers=2
  ROUTE POST /alimtalk/customer-count-bulk handlers=2
  ROUTE GET /store-orders handlers=2
  ROUTE GET /stores handlers=2
  ROUTE GET /stores/options handlers=2
  ROUTE POST /stores/:storeId/reset-password handlers=2
  ROUTE PATCH /stores/:storeId handlers=2
  ROUTE POST /stores/:storeId/resync-metacity-to-v2 handlers=2
  ROUTE POST /stores/:storeId/discover-metacity-store-idx handlers=2
  ROUTE GET /stores/:storeId/wallet handlers=2
  ROUTE POST /stores/:storeId/wallet/topup handlers=2
  ROUTE POST /stores/:storeId/wallet/deduct handlers=2
  ROUTE DELETE /stores/:storeId/customers handlers=2
  ROUTE POST /stores/:storeId/impersonate handlers=2
  ROUTE GET /stores/available handlers=2
  ROUTE POST /stores/bulk handlers=2
  ROUTE GET /stores/enrollment-stats handlers=2
  ROUTE PUT /stores/:storeId/enrollment-mode handlers=2
  ROUTE POST /stores/batch-membership-enable handlers=2
  ROUTE POST /stores/bulk-address handlers=2
  ROUTE POST /stores/:storeId/points/adjust handlers=2
  ROUTE POST /stores/:storeId/stamps/adjust handlers=2
  ROUTE POST /stores/:storeId/alimtalk/:messageId/retry handlers=2
  ROUTE DELETE /stores/:storeId/customers/:customerId handlers=2
  ROUTE GET /banners handlers=2
  ROUTE POST /banners handlers=2
  ROUTE PUT /banners/:id handlers=2
  ROUTE DELETE /banners/:id handlers=2
  ROUTE GET /banners/active handlers=1
  ROUTE POST /banners/upload handlers=3
  ROUTE POST /banners/upload-media handlers=3
  ROUTE GET /store-products handlers=2
  ROUTE POST /store-products/upload handlers=3
  ROUTE POST /store-products handlers=2
  ROUTE PUT /store-products/:id handlers=2
  ROUTE DELETE /store-products/:id handlers=2
  ROUTE GET /franchises handlers=2
  ROUTE GET /franchises/:franchiseId handlers=2
  ROUTE POST /franchises handlers=2
  ROUTE POST /franchises/:franchiseId/stores handlers=2
  ROUTE DELETE /franchises/:franchiseId/stores/:storeId handlers=2
  ROUTE POST /franchises/:franchiseId/logo handlers=3
  ROUTE PATCH /franchises/:franchiseId handlers=2
  ROUTE POST /franchises/:franchiseId/wallet/topup handlers=2
  ROUTE POST /franchises/:franchiseId/wallet/deduct handlers=2
  ROUTE GET /franchises/:franchiseId/wallet handlers=2
  ROUTE GET /corporate-ads handlers=2
  ROUTE POST /corporate-ads handlers=2
  ROUTE PUT /corporate-ads/reorder handlers=2
  ROUTE PUT /corporate-ads/:id handlers=2
  ROUTE DELETE /corporate-ads/:id handlers=2
  ROUTE POST /corporate-ads/:id/codes/upload handlers=3
  ROUTE GET /corporate-ads/:id/codes/stats handlers=2
  ROUTE GET /corporate-ads/:id/codes handlers=2
  ROUTE DELETE /corporate-ads/:id/codes/:codeId handlers=2
  ROUTE POST /corporate-ads/:id/codes/shuffle handlers=2
  ROUTE DELETE /corporate-ads/:id/codes handlers=2
  ROUTE GET /corporate-ad handlers=2
  ROUTE GET /corporate-ad-stats handlers=2
  ROUTE GET /corporate-ad-analytics handlers=2
  ROUTE GET /place-booster/campaigns handlers=2
  ROUTE POST /place-booster/verify-place handlers=2
  ROUTE GET /place-booster/stores handlers=2
  ROUTE GET /place-booster/analytics handlers=2
  ROUTE GET /place-booster/campaigns/:id handlers=2
  ROUTE POST /place-booster/test-send-preview handlers=2
  ROUTE POST /place-booster/campaigns handlers=2
  ROUTE PATCH /place-booster/campaigns/:id handlers=2
  ROUTE GET /place-booster/drafts handlers=2
  ROUTE POST /place-booster/drafts handlers=2
  ROUTE PATCH /place-booster/drafts/:id handlers=2
  ROUTE DELETE /place-booster/drafts/:id handlers=2
  ROUTE POST /place-booster/campaigns/:id/approve handlers=2
  ROUTE PATCH /place-booster/batches/:id/results handlers=2
  ROUTE POST /place-booster/campaigns/:id/test-send handlers=2
  ROUTE POST /place-booster/campaigns/:id/cancel handlers=2
  ROUTE POST /place-booster/campaigns/:id/sync-failures handlers=2
  ROUTE DELETE /place-booster/campaigns/:id handlers=2
  ROUTE GET /food-court-settings/:storeId handlers=2
  ROUTE PUT /food-court-settings/:storeId handlers=2
  ROUTE POST /food-court-settings/:storeId/stores/:boothId/bulk-add handlers=2
  ROUTE POST /food-court-settings/upload handlers=3
  ROUTE POST /login handlers=1
  ROUTE GET /me handlers=2
  ROUTE POST /enable-all-visit-source handlers=2
  ROUTE POST /backfill-coupon-usage handlers=2
  ROUTE POST /customers/export handlers=2
  ROUTE POST /customers/populate-regions handlers=2
MOUNT ^\\/api\\/sms\\/?(?=\\/|$)
  ROUTE GET /target-counts handlers=2
  ROUTE GET /region-counts handlers=2
  ROUTE GET /estimate handlers=2
  ROUTE POST /send handlers=2
  ROUTE GET /campaigns handlers=2
  ROUTE GET /campaigns/:id handlers=2
  ROUTE POST /upload-image handlers=3
  ROUTE GET /test-count handlers=2
  ROUTE POST /test-send handlers=2
  ROUTE GET /history handlers=2
  ROUTE DELETE /delete-image handlers=2
MOUNT ^\\/api\\/local-customers\\/?(?=\\/|$)
  ROUTE GET /regions handlers=2
  ROUTE GET /total-count handlers=2
  ROUTE GET /region-counts handlers=2
  ROUTE GET /count handlers=2
  ROUTE GET /estimate handlers=2
  ROUTE POST /send handlers=2
  ROUTE POST /test handlers=2
  ROUTE GET /kakao/send-available handlers=2
  ROUTE GET /kakao/estimate handlers=2
  ROUTE POST /kakao/send handlers=2
  ROUTE POST /coupon-alimtalk/send handlers=2
  ROUTE GET /campaigns handlers=2
MOUNT ^\\/api\\/place-booster\\/?(?=\\/|$)
  ROUTE POST /verify-place handlers=2
  ROUTE GET /store-info handlers=2
  ROUTE POST /test-send-preview handlers=2
  ROUTE POST /campaigns handlers=2
  ROUTE PATCH /campaigns/:id handlers=2
  ROUTE GET /drafts handlers=2
  ROUTE POST /drafts handlers=2
  ROUTE PATCH /drafts/:id handlers=2
  ROUTE DELETE /drafts/:id handlers=2
  ROUTE GET /campaigns handlers=2
  ROUTE GET /campaigns/:id handlers=2
  ROUTE POST /campaigns/:id/pay/credit handlers=2
  ROUTE POST /campaigns/:id/pay/card/start handlers=2
  ROUTE POST /campaigns/:id/pay/card/confirm handlers=2
  ROUTE POST /campaigns/:id/pay/bank-transfer handlers=2
  ROUTE PATCH /batches/:id/results handlers=2
  ROUTE POST /campaigns/:id/test-send handlers=2
MOUNT ^\\/api\\/brand-message\\/?(?=\\/|$)
  ROUTE GET /send-available handlers=2
  ROUTE GET /target-counts handlers=2
  ROUTE GET /estimate handlers=2
  ROUTE POST /upload-image handlers=3
  ROUTE DELETE /delete-image handlers=2
  ROUTE POST /send handlers=2
  ROUTE POST /schedule handlers=2
  ROUTE POST /test-send handlers=2
  ROUTE GET /campaigns handlers=2
  ROUTE POST /campaigns/:id/cancel handlers=2
MOUNT ^\\/api\\/public\\/?(?=\\/|$)
  ROUTE POST /gain-customer handlers=1
  ROUTE GET /regions handlers=1
  ROUTE GET /coupon/:code handlers=1
  ROUTE POST /coupon/:code/use handlers=1
MOUNT ^\\/api\\/membership\\/?(?=\\/|$)
  ROUTE GET /coupons handlers=1
  ROUTE POST /coupons/send handlers=1
  ROUTE GET /coupons/sent/:customerId handlers=1
MOUNT ^\\/api\\/waiting\\/?(?=\\/|$)
  ROUTE GET / handlers=2
  ROUTE GET /stats handlers=2
  ROUTE GET /stats/today handlers=2
  ROUTE POST / handlers=2
  ROUTE POST /:id/call handlers=2
  ROUTE POST /:id/recall handlers=2
  ROUTE POST /:id/seat handlers=2
  ROUTE POST /:id/cancel handlers=2
  ROUTE POST /:id/defer handlers=2
  ROUTE POST /:id/restore handlers=2
  ROUTE PATCH /:id/memo handlers=2
MOUNT ^\\/api\\/waiting\\/types\\/?(?=\\/|$)
  ROUTE GET / handlers=2
  ROUTE POST / handlers=2
  ROUTE PUT /:id handlers=2
  ROUTE DELETE /:id handlers=2
  ROUTE PUT /reorder handlers=2
MOUNT ^\\/api\\/waiting\\/settings\\/?(?=\\/|$)
  ROUTE GET / handlers=2
  ROUTE PUT / handlers=2
  ROUTE PUT /status handlers=2
MOUNT ^\\/api\\/public\\/waiting\\/?(?=\\/|$)
  ROUTE GET /:storeSlug/info handlers=1
  ROUTE POST /:storeSlug/register handlers=1
  ROUTE GET /:storeSlug/status/:phone handlers=1
  ROUTE POST /:storeSlug/cancel handlers=1
MOUNT ^\\/api\\/stamp-settings\\/?(?=\\/|$)
  MW authMiddleware ^\\/?(?=\\/|$)
  ROUTE GET / handlers=1
  ROUTE PUT / handlers=1
MOUNT ^\\/api\\/stamps\\/?(?=\\/|$)
  MW authMiddleware ^\\/?(?=\\/|$)
  ROUTE POST /tablet-earn handlers=1
  ROUTE POST /earn handlers=1
  ROUTE POST /use handlers=1
  ROUTE POST /adjust handlers=1
  ROUTE GET /history/:customerId handlers=1
  ROUTE GET /approval-requests/pending handlers=1
  ROUTE POST /approval-requests/:id/approve handlers=1
  ROUTE POST /approval-requests/:id/reject handlers=1
MOUNT ^\\/api\\/chat\\/?(?=\\/|$)
  MW authMiddleware ^\\/?(?=\\/|$)
  ROUTE GET /settings handlers=1
  ROUTE PUT /settings handlers=1
  ROUTE GET /posts handlers=1
  ROUTE POST /posts handlers=1
  ROUTE PUT /posts/:id handlers=1
  ROUTE DELETE /posts/:id handlers=1
  ROUTE GET /messages handlers=1
  ROUTE DELETE /messages/:id handlers=1
  ROUTE POST /reset handlers=1
  ROUTE POST /send handlers=1
MOUNT ^\\/api\\/public\\/chat\\/?(?=\\/|$)
  ROUTE GET /:storeSlug/info handlers=1
  ROUTE POST /:storeSlug/join handlers=1
  ROUTE GET /:storeSlug/messages handlers=1
  ROUTE GET /:storeSlug/posts handlers=1
MOUNT ^\\/api\\/monthly-credit\\/?(?=\\/|$)
  MW authMiddleware ^\\/?(?=\\/|$)
  ROUTE GET /status handlers=1
  ROUTE GET /history handlers=1
MOUNT ^\\/api\\/visit-source-settings\\/?(?=\\/|$)
  MW authMiddleware ^\\/?(?=\\/|$)
  ROUTE GET / handlers=1
  ROUTE PUT / handlers=1
  ROUTE GET /stats handlers=1
MOUNT ^\\/api\\/insights\\/?(?=\\/|$)
  MW authMiddleware ^\\/?(?=\\/|$)
  ROUTE GET /customers handlers=1
  ROUTE GET /segments handlers=1
  ROUTE GET /visit-cycle handlers=1
  ROUTE GET /revenue handlers=1
MOUNT ^\\/api\\/retarget-coupon\\/?(?=\\/|$)
  ROUTE GET /settings handlers=2
  ROUTE GET /estimate handlers=2
  ROUTE POST /send handlers=2
  ROUTE GET /history handlers=2
MOUNT ^\\/api\\/coupon-form\\/?(?=\\/|$)
  ROUTE GET /public/:slug handlers=1
  ROUTE POST /public/:slug/submit handlers=1
  MW authMiddleware ^\\/?(?=\\/|$)
  ROUTE POST /upload-banner handlers=1
  ROUTE GET / handlers=1
  ROUTE POST / handlers=1
  ROUTE PUT /:id handlers=1
  ROUTE DELETE /:id handlers=1
MOUNT ^\\/api\\/automation\\/?(?=\\/|$)
  ROUTE GET /rules handlers=2
  ROUTE PUT /rules/:type handlers=2
  ROUTE GET /rules/:type/logs handlers=2
  ROUTE GET /dashboard handlers=2
  ROUTE GET /preview/:type handlers=2
  ROUTE GET /preview-all handlers=2
MOUNT ^\\/api\\/store-products\\/?(?=\\/|$)
  MW authMiddleware ^\\/?(?=\\/|$)
  ROUTE GET / handlers=1
  ROUTE GET /:id handlers=1
MOUNT ^\\/api\\/store-orders\\/?(?=\\/|$)
  MW authMiddleware ^\\/?(?=\\/|$)
  ROUTE POST / handlers=1
  ROUTE POST /confirm handlers=1
  ROUTE GET / handlers=1
MOUNT ^\\/api\\/survey-questions\\/?(?=\\/|$)
  MW authMiddleware ^\\/?(?=\\/|$)
  ROUTE GET / handlers=1
  ROUTE POST / handlers=1
  ROUTE PUT /:id handlers=1
  ROUTE PUT /reorder handlers=1
  ROUTE DELETE /:id handlers=1
MOUNT ^\\/api\\/my-page\\/?(?=\\/|$)
  ROUTE GET / handlers=1
  ROUTE POST /reward-claim handlers=1
MOUNT ^\\/api\\/external\\/?(?=\\/|$)
  ROUTE POST /register handlers=2
MOUNT ^\\/api\\/v1\\/?(?=\\/|$)
  MW yahwaAuthMiddleware ^\\/?(?=\\/|$)
  ROUTE GET /stores handlers=1
  ROUTE POST /waitings/counts handlers=1
  ROUTE POST /stores/gender-stats handlers=1
  ROUTE POST /waitings handlers=1
  ROUTE GET /waitings/:waitingId handlers=1
  ROUTE POST /waitings/:waitingId/cancel handlers=1
  ROUTE POST /customers/points/lookup handlers=1
  ROUTE POST /customers/points/spend handlers=1
MOUNT ^\\/api\\/franchise\\/auth\\/?(?=\\/|$)
  ROUTE POST /register handlers=1
  ROUTE POST /login handlers=1
  ROUTE GET /me handlers=2
  ROUTE GET /logo handlers=2
MOUNT ^\\/api\\/franchise\\/sms\\/?(?=\\/|$)
  ROUTE GET /target-counts handlers=2
  ROUTE GET /estimate handlers=2
  ROUTE GET /customers/selectable handlers=2
  ROUTE GET /customers/all-ids handlers=2
  ROUTE POST /upload-image handlers=3
  ROUTE POST /test-send handlers=2
  ROUTE POST /send handlers=2
  ROUTE GET /test-count handlers=2
  ROUTE DELETE /delete-image handlers=2
MOUNT ^\\/api\\/franchise\\/retarget-coupon\\/?(?=\\/|$)
  ROUTE GET /settings handlers=2
  ROUTE GET /estimate handlers=2
  ROUTE POST /send handlers=2
MOUNT ^\\/api\\/franchise\\/place-booster\\/?(?=\\/|$)
  ROUTE POST /verify-place handlers=2
  ROUTE GET /store-info handlers=2
  ROUTE POST /test-send-preview handlers=2
  ROUTE POST /campaigns handlers=2
  ROUTE PATCH /campaigns/:id handlers=2
  ROUTE GET /campaigns handlers=2
  ROUTE GET /campaigns/:id handlers=2
  ROUTE POST /campaigns/:id/pay/credit handlers=2
  ROUTE POST /campaigns/:id/pay/bank-transfer handlers=2
  ROUTE PATCH /batches/:id/results handlers=2
  ROUTE POST /campaigns/:id/test-send handlers=2
MOUNT ^\\/api\\/franchise\\/local-customers\\/?(?=\\/|$)
  ROUTE GET /regions handlers=2
  ROUTE GET /total-count handlers=2
  ROUTE GET /region-counts handlers=2
  ROUTE GET /count handlers=2
  ROUTE GET /estimate handlers=2
  ROUTE POST /send handlers=2
  ROUTE POST /test handlers=2
  ROUTE GET /kakao/send-available handlers=2
  ROUTE GET /kakao/estimate handlers=2
  ROUTE POST /kakao/send handlers=2
  ROUTE POST /kakao/coupon-send handlers=2
  ROUTE GET /campaigns handlers=2
MOUNT ^\\/api\\/franchise\\/automation\\/?(?=\\/|$)
  ROUTE GET /stores handlers=2
  ROUTE GET /stores/:storeId/rules handlers=2
  ROUTE PUT /stores/:storeId/rules/:type handlers=2
  ROUTE GET /stores/:storeId/preview/:type handlers=2
  ROUTE GET /stores/:storeId/rules/:type/logs handlers=2
  ROUTE GET /stores/:storeId/dashboard handlers=2
  ROUTE PUT /stores/:storeId/naver-place-url handlers=2
  ROUTE PUT /bulk/rules/:type handlers=2
MOUNT ^\\/api\\/franchise\\/?(?=\\/|$)
  MW franchiseAuthMiddleware ^\\/?(?=\\/|$)
  ROUTE GET /stores handlers=1
  ROUTE PATCH /stores/:storeId/manager handlers=1
  ROUTE GET /stores/:id handlers=1
  ROUTE POST /stores/connect handlers=1
  ROUTE GET /customers handlers=1
  ROUTE GET /visit-source-settings handlers=1
  ROUTE GET /customers/count handlers=1
  ROUTE GET /analytics/overview handlers=1
  ROUTE GET /wallet handlers=1
  ROUTE POST /payments/confirm handlers=1
  ROUTE GET /customers/:customerId handlers=2
  ROUTE GET /insights handlers=1
  ROUTE GET /feedbacks handlers=1
  ROUTE POST /stores/:storeId/transfer handlers=1
  ROUTE GET /feedbacks/summary handlers=1
  ROUTE GET /visit-source handlers=1
  ROUTE PUT /visit-source handlers=1
  ROUTE PUT /stores/:storeId/stamp-toggle handlers=1
  ROUTE PUT /stores/stamp-toggle-all handlers=1
  ROUTE GET /stamp-setting handlers=1
  ROUTE PUT /stamp-setting handlers=1
  ROUTE POST /stamp-setting/apply-to-stores handlers=1
  ROUTE POST /stamps/earn handlers=1
  ROUTE POST /stamps/use handlers=1
  ROUTE POST /points/earn handlers=1
  ROUTE POST /points/use handlers=1
  ROUTE GET /franchise-customers handlers=1
  ROUTE GET /franchise-customers/:kakaoId handlers=1
  ROUTE GET /reward-claims handlers=1
  ROUTE GET /reward-claims/pending-count handlers=1
  ROUTE PUT /reward-claims/:id handlers=1
  ROUTE GET /wallet-usage handlers=1
MOUNT ^\\/auth\\/kakao\\/?(?=\\/|$)
  ROUTE GET /start handlers=1
  ROUTE GET /callback handlers=1
  ROUTE GET /taghere-start handlers=1
  ROUTE GET /taghere-callback handlers=1
  ROUTE GET /store-info handlers=1
MOUNT ^\\/auth\\/naver\\/?(?=\\/|$)
  ROUTE GET /start handlers=1
  ROUTE GET /callback handlers=1
  ROUTE GET /store-info handlers=1
ROUTE GET /r/:code/:weekNo handlers=1
MW <anonymous> ^\\/?(?=\\/|$)
MW <anonymous> ^\\/?(?=\\/|$)"
`;
